/workspace/ros2_ws/install/perception_safety_pkg/lib/python3.10/site-packages/perception_safety_pkg/fusion_node_3d.py
/workspace/ros2_ws/install/perception_safety_pkg/lib/python3.10/site-packages/perception_safety_pkg/perception_node.py
/workspace/ros2_ws/install/perception_safety_pkg/lib/python3.10/site-packages/perception_safety_pkg/ttc_node.py
/workspace/ros2_ws/install/perception_safety_pkg/lib/python3.10/site-packages/perception_safety_pkg/__init__.py
/workspace/ros2_ws/install/perception_safety_pkg/lib/python3.10/site-packages/perception_safety_pkg/__pycache__/fusion_node_3d.cpython-310.pyc
/workspace/ros2_ws/install/perception_safety_pkg/lib/python3.10/site-packages/perception_safety_pkg/__pycache__/perception_node.cpython-310.pyc
/workspace/ros2_ws/install/perception_safety_pkg/lib/python3.10/site-packages/perception_safety_pkg/__pycache__/ttc_node.cpython-310.pyc
/workspace/ros2_ws/install/perception_safety_pkg/lib/python3.10/site-packages/perception_safety_pkg/__pycache__/__init__.cpython-310.pyc
/workspace/ros2_ws/install/perception_safety_pkg/share/ament_index/resource_index/packages/perception_safety_pkg
/workspace/ros2_ws/install/perception_safety_pkg/share/perception_safety_pkg/package.xml
/workspace/ros2_ws/install/perception_safety_pkg/share/perception_safety_pkg/launch/safety_pipeline.launch.py
/workspace/ros2_ws/install/perception_safety_pkg/share/perception_safety_pkg/config/safety_params.yaml
/workspace/ros2_ws/install/perception_safety_pkg/lib/python3.10/site-packages/perception_safety_pkg-0.1.0-py3.10.egg-info/dependency_links.txt
/workspace/ros2_ws/install/perception_safety_pkg/lib/python3.10/site-packages/perception_safety_pkg-0.1.0-py3.10.egg-info/entry_points.txt
/workspace/ros2_ws/install/perception_safety_pkg/lib/python3.10/site-packages/perception_safety_pkg-0.1.0-py3.10.egg-info/PKG-INFO
/workspace/ros2_ws/install/perception_safety_pkg/lib/python3.10/site-packages/perception_safety_pkg-0.1.0-py3.10.egg-info/requires.txt
/workspace/ros2_ws/install/perception_safety_pkg/lib/python3.10/site-packages/perception_safety_pkg-0.1.0-py3.10.egg-info/SOURCES.txt
/workspace/ros2_ws/install/perception_safety_pkg/lib/python3.10/site-packages/perception_safety_pkg-0.1.0-py3.10.egg-info/top_level.txt
/workspace/ros2_ws/install/perception_safety_pkg/lib/python3.10/site-packages/perception_safety_pkg-0.1.0-py3.10.egg-info/zip-safe
/workspace/ros2_ws/install/perception_safety_pkg/lib/perception_safety_pkg/fusion_node_3d
/workspace/ros2_ws/install/perception_safety_pkg/lib/perception_safety_pkg/perception_node
/workspace/ros2_ws/install/perception_safety_pkg/lib/perception_safety_pkg/ttc_node
