[3.056s] Invoking command in '/workspace/ros2_ws/src/perception_safety_pkg': PYTHONPATH=/workspace/ros2_ws/build/perception_safety_pkg/prefix_override:/opt/venv/lib/python3.10/site-packages/colcon_core/task/python/colcon_distutils_commands:/workspace/ros2_ws/install/perception_safety_pkg/lib/python3.10/site-packages:${PYTHONPATH} /opt/venv/bin/python3 -W ignore:setup.py install is deprecated -W ignore:easy_install command is deprecated setup.py egg_info --egg-base ../../build/perception_safety_pkg build --build-base /workspace/ros2_ws/build/perception_safety_pkg/build install --record /workspace/ros2_ws/build/perception_safety_pkg/install.log --install-scripts $base/lib/perception_safety_pkg --single-version-externally-managed install_data
[4.067s] /opt/venv/lib/python3.10/site-packages/setuptools/_distutils/dist.py:289: UserWarning: Unknown distribution option: 'tests_require'
[4.069s]   warnings.warn(msg)
[4.317s] running egg_info
[4.356s] writing ../../build/perception_safety_pkg/perception_safety_pkg.egg-info/PKG-INFO
[4.369s] writing dependency_links to ../../build/perception_safety_pkg/perception_safety_pkg.egg-info/dependency_links.txt
[4.372s] writing entry points to ../../build/perception_safety_pkg/perception_safety_pkg.egg-info/entry_points.txt
[4.380s] writing requirements to ../../build/perception_safety_pkg/perception_safety_pkg.egg-info/requires.txt
[4.389s] writing top-level names to ../../build/perception_safety_pkg/perception_safety_pkg.egg-info/top_level.txt
[4.518s] reading manifest file '../../build/perception_safety_pkg/perception_safety_pkg.egg-info/SOURCES.txt'
[4.706s] writing manifest file '../../build/perception_safety_pkg/perception_safety_pkg.egg-info/SOURCES.txt'
[4.708s] running build
[4.712s] running build_py
[4.741s] copying perception_safety_pkg/fusion_node_3d.py -> /workspace/ros2_ws/build/perception_safety_pkg/build/lib/perception_safety_pkg
[4.769s] copying perception_safety_pkg/perception_node.py -> /workspace/ros2_ws/build/perception_safety_pkg/build/lib/perception_safety_pkg
[4.810s] copying perception_safety_pkg/ttc_node.py -> /workspace/ros2_ws/build/perception_safety_pkg/build/lib/perception_safety_pkg
[4.848s] copying perception_safety_pkg/__init__.py -> /workspace/ros2_ws/build/perception_safety_pkg/build/lib/perception_safety_pkg
[4.877s] running install
[4.878s] running install_lib
[5.143s] running install_data
[5.177s] copying resource/perception_safety_pkg -> /workspace/ros2_ws/install/perception_safety_pkg/share/ament_index/resource_index/packages
[5.226s] copying package.xml -> /workspace/ros2_ws/install/perception_safety_pkg/share/perception_safety_pkg
[5.267s] copying launch/safety_pipeline.launch.py -> /workspace/ros2_ws/install/perception_safety_pkg/share/perception_safety_pkg/launch
[5.302s] copying config/safety_params.yaml -> /workspace/ros2_ws/install/perception_safety_pkg/share/perception_safety_pkg/config
[5.320s] running install_egg_info
[5.374s] removing '/workspace/ros2_ws/install/perception_safety_pkg/lib/python3.10/site-packages/perception_safety_pkg-0.1.0-py3.10.egg-info' (and everything under it)
[5.482s] Copying ../../build/perception_safety_pkg/perception_safety_pkg.egg-info to /workspace/ros2_ws/install/perception_safety_pkg/lib/python3.10/site-packages/perception_safety_pkg-0.1.0-py3.10.egg-info
[5.775s] running install_scripts
[6.163s] Installing fusion_node_3d script to /workspace/ros2_ws/install/perception_safety_pkg/lib/perception_safety_pkg
[6.172s] Installing perception_node script to /workspace/ros2_ws/install/perception_safety_pkg/lib/perception_safety_pkg
[6.201s] Installing ttc_node script to /workspace/ros2_ws/install/perception_safety_pkg/lib/perception_safety_pkg
[6.210s] writing list of installed files to '/workspace/ros2_ws/build/perception_safety_pkg/install.log'
[6.270s] Invoked command in '/workspace/ros2_ws/src/perception_safety_pkg' returned '0': PYTHONPATH=/workspace/ros2_ws/build/perception_safety_pkg/prefix_override:/opt/venv/lib/python3.10/site-packages/colcon_core/task/python/colcon_distutils_commands:/workspace/ros2_ws/install/perception_safety_pkg/lib/python3.10/site-packages:${PYTHONPATH} /opt/venv/bin/python3 -W ignore:setup.py install is deprecated -W ignore:easy_install command is deprecated setup.py egg_info --egg-base ../../build/perception_safety_pkg build --build-base /workspace/ros2_ws/build/perception_safety_pkg/build install --record /workspace/ros2_ws/build/perception_safety_pkg/install.log --install-scripts $base/lib/perception_safety_pkg --single-version-externally-managed install_data
