running egg_info
creating ../../build/perception_safety_pkg/perception_safety_pkg.egg-info
writing ../../build/perception_safety_pkg/perception_safety_pkg.egg-info/PKG-INFO
writing dependency_links to ../../build/perception_safety_pkg/perception_safety_pkg.egg-info/dependency_links.txt
writing entry points to ../../build/perception_safety_pkg/perception_safety_pkg.egg-info/entry_points.txt
writing requirements to ../../build/perception_safety_pkg/perception_safety_pkg.egg-info/requires.txt
writing top-level names to ../../build/perception_safety_pkg/perception_safety_pkg.egg-info/top_level.txt
writing manifest file '../../build/perception_safety_pkg/perception_safety_pkg.egg-info/SOURCES.txt'
reading manifest file '../../build/perception_safety_pkg/perception_safety_pkg.egg-info/SOURCES.txt'
writing manifest file '../../build/perception_safety_pkg/perception_safety_pkg.egg-info/SOURCES.txt'
running build
running build_py
creating /workspace/ros2_ws/build/perception_safety_pkg/build
creating /workspace/ros2_ws/build/perception_safety_pkg/build/lib
creating /workspace/ros2_ws/build/perception_safety_pkg/build/lib/perception_safety_pkg
copying perception_safety_pkg/fusion_node_3d.py -> /workspace/ros2_ws/build/perception_safety_pkg/build/lib/perception_safety_pkg
copying perception_safety_pkg/perception_node.py -> /workspace/ros2_ws/build/perception_safety_pkg/build/lib/perception_safety_pkg
copying perception_safety_pkg/ttc_node.py -> /workspace/ros2_ws/build/perception_safety_pkg/build/lib/perception_safety_pkg
copying perception_safety_pkg/__init__.py -> /workspace/ros2_ws/build/perception_safety_pkg/build/lib/perception_safety_pkg
running install
running install_lib
creating /workspace/ros2_ws/install/perception_safety_pkg/lib/python3.10/site-packages/perception_safety_pkg
copying /workspace/ros2_ws/build/perception_safety_pkg/build/lib/perception_safety_pkg/fusion_node_3d.py -> /workspace/ros2_ws/install/perception_safety_pkg/lib/python3.10/site-packages/perception_safety_pkg
copying /workspace/ros2_ws/build/perception_safety_pkg/build/lib/perception_safety_pkg/perception_node.py -> /workspace/ros2_ws/install/perception_safety_pkg/lib/python3.10/site-packages/perception_safety_pkg
copying /workspace/ros2_ws/build/perception_safety_pkg/build/lib/perception_safety_pkg/ttc_node.py -> /workspace/ros2_ws/install/perception_safety_pkg/lib/python3.10/site-packages/perception_safety_pkg
copying /workspace/ros2_ws/build/perception_safety_pkg/build/lib/perception_safety_pkg/__init__.py -> /workspace/ros2_ws/install/perception_safety_pkg/lib/python3.10/site-packages/perception_safety_pkg
byte-compiling /workspace/ros2_ws/install/perception_safety_pkg/lib/python3.10/site-packages/perception_safety_pkg/fusion_node_3d.py to fusion_node_3d.cpython-310.pyc
byte-compiling /workspace/ros2_ws/install/perception_safety_pkg/lib/python3.10/site-packages/perception_safety_pkg/perception_node.py to perception_node.cpython-310.pyc
byte-compiling /workspace/ros2_ws/install/perception_safety_pkg/lib/python3.10/site-packages/perception_safety_pkg/ttc_node.py to ttc_node.cpython-310.pyc
byte-compiling /workspace/ros2_ws/install/perception_safety_pkg/lib/python3.10/site-packages/perception_safety_pkg/__init__.py to __init__.cpython-310.pyc
running install_data
creating /workspace/ros2_ws/install/perception_safety_pkg/share/ament_index
creating /workspace/ros2_ws/install/perception_safety_pkg/share/ament_index/resource_index
creating /workspace/ros2_ws/install/perception_safety_pkg/share/ament_index/resource_index/packages
copying resource/perception_safety_pkg -> /workspace/ros2_ws/install/perception_safety_pkg/share/ament_index/resource_index/packages
copying package.xml -> /workspace/ros2_ws/install/perception_safety_pkg/share/perception_safety_pkg
creating /workspace/ros2_ws/install/perception_safety_pkg/share/perception_safety_pkg/launch
copying launch/safety_pipeline.launch.py -> /workspace/ros2_ws/install/perception_safety_pkg/share/perception_safety_pkg/launch
creating /workspace/ros2_ws/install/perception_safety_pkg/share/perception_safety_pkg/config
copying config/safety_params.yaml -> /workspace/ros2_ws/install/perception_safety_pkg/share/perception_safety_pkg/config
running install_egg_info
Copying ../../build/perception_safety_pkg/perception_safety_pkg.egg-info to /workspace/ros2_ws/install/perception_safety_pkg/lib/python3.10/site-packages/perception_safety_pkg-0.1.0-py3.10.egg-info
running install_scripts
Installing fusion_node_3d script to /workspace/ros2_ws/install/perception_safety_pkg/lib/perception_safety_pkg
Installing perception_node script to /workspace/ros2_ws/install/perception_safety_pkg/lib/perception_safety_pkg
Installing ttc_node script to /workspace/ros2_ws/install/perception_safety_pkg/lib/perception_safety_pkg
writing list of installed files to '/workspace/ros2_ws/build/perception_safety_pkg/install.log'
